<testsuites id="" name="" tests="34" failures="0" skipped="0" errors="0" time="12.679559000000001">
<testsuite name="documentation-section.spec.ts" timestamp="2025-11-03T01:07:37.498Z" hostname="Desktop Chrome" tests="10" failures="0" skipped="0" time="11.539" errors="0">
<testcase name="Documentation Section › should display resources grouped by related themes" classname="documentation-section.spec.ts" time="1.341">
</testcase>
<testcase name="Documentation Section › should provide guides for initial setup and development workflow" classname="documentation-section.spec.ts" time="1.334">
</testcase>
<testcase name="Documentation Section › should provide contribution guidelines documentation" classname="documentation-section.spec.ts" time="1.329">
</testcase>
<testcase name="Documentation Section › should provide architecture and system design documentation" classname="documentation-section.spec.ts" time="1.331">
</testcase>
<testcase name="Documentation Section › should open documentation in new tab" classname="documentation-section.spec.ts" time="1.326">
</testcase>
<testcase name="Documentation Section › should display clear titles and descriptions for all links" classname="documentation-section.spec.ts" time="1.016">
</testcase>
<testcase name="Documentation Section › should support keyboard navigation of documentation links" classname="documentation-section.spec.ts" time="1.021">
</testcase>
<testcase name="Documentation Section › should have proper accessibility labels for screen readers" classname="documentation-section.spec.ts" time="0.92">
</testcase>
<testcase name="Documentation Section › should be responsive on mobile devices" classname="documentation-section.spec.ts" time="0.959">
</testcase>
<testcase name="Documentation Section › should have valid and accessible documentation links" classname="documentation-section.spec.ts" time="0.962">
</testcase>
</testsuite>
<testsuite name="homepage.spec.ts" timestamp="2025-11-03T01:07:37.498Z" hostname="Desktop Chrome" tests="3" failures="0" skipped="0" time="2.576" errors="0">
<testcase name="Homepage › should load successfully" classname="homepage.spec.ts" time="0.882">
</testcase>
<testcase name="Homepage › should display main heading" classname="homepage.spec.ts" time="0.843">
</testcase>
<testcase name="Homepage › should have proper semantic HTML" classname="homepage.spec.ts" time="0.851">
</testcase>
</testsuite>
<testsuite name="landing-page.spec.ts" timestamp="2025-11-03T01:07:37.498Z" hostname="Desktop Chrome" tests="4" failures="0" skipped="0" time="3.093" errors="0">
<testcase name="Landing Page › displays core project overview" classname="landing-page.spec.ts" time="0.8">
</testcase>
<testcase name="Landing Page › displays feature highlights" classname="landing-page.spec.ts" time="0.812">
</testcase>
<testcase name="Landing Page › displays tech stack and quick start commands" classname="landing-page.spec.ts" time="0.771">
</testcase>
<testcase name="Landing Page › displays learning and documentation section" classname="landing-page.spec.ts" time="0.71">
</testcase>
</testsuite>
<testsuite name="documentation-section.spec.ts" timestamp="2025-11-03T01:07:37.498Z" hostname="Mobile Chrome" tests="10" failures="0" skipped="0" time="10.904" errors="0">
<testcase name="Documentation Section › should display resources grouped by related themes" classname="documentation-section.spec.ts" time="1.076">
</testcase>
<testcase name="Documentation Section › should provide guides for initial setup and development workflow" classname="documentation-section.spec.ts" time="1.09">
</testcase>
<testcase name="Documentation Section › should provide contribution guidelines documentation" classname="documentation-section.spec.ts" time="1.037">
</testcase>
<testcase name="Documentation Section › should provide architecture and system design documentation" classname="documentation-section.spec.ts" time="1.22">
</testcase>
<testcase name="Documentation Section › should open documentation in new tab" classname="documentation-section.spec.ts" time="1.288">
</testcase>
<testcase name="Documentation Section › should display clear titles and descriptions for all links" classname="documentation-section.spec.ts" time="1.13">
</testcase>
<testcase name="Documentation Section › should support keyboard navigation of documentation links" classname="documentation-section.spec.ts" time="0.951">
</testcase>
<testcase name="Documentation Section › should have proper accessibility labels for screen readers" classname="documentation-section.spec.ts" time="0.99">
</testcase>
<testcase name="Documentation Section › should be responsive on mobile devices" classname="documentation-section.spec.ts" time="0.983">
</testcase>
<testcase name="Documentation Section › should have valid and accessible documentation links" classname="documentation-section.spec.ts" time="1.139">
</testcase>
</testsuite>
<testsuite name="homepage.spec.ts" timestamp="2025-11-03T01:07:37.498Z" hostname="Mobile Chrome" tests="3" failures="0" skipped="0" time="2.999" errors="0">
<testcase name="Homepage › should load successfully" classname="homepage.spec.ts" time="1.054">
</testcase>
<testcase name="Homepage › should display main heading" classname="homepage.spec.ts" time="1.024">
</testcase>
<testcase name="Homepage › should have proper semantic HTML" classname="homepage.spec.ts" time="0.921">
</testcase>
</testsuite>
<testsuite name="landing-page.spec.ts" timestamp="2025-11-03T01:07:37.498Z" hostname="Mobile Chrome" tests="4" failures="0" skipped="0" time="3.915" errors="0">
<testcase name="Landing Page › displays core project overview" classname="landing-page.spec.ts" time="1.059">
</testcase>
<testcase name="Landing Page › displays feature highlights" classname="landing-page.spec.ts" time="0.953">
</testcase>
<testcase name="Landing Page › displays tech stack and quick start commands" classname="landing-page.spec.ts" time="0.955">
</testcase>
<testcase name="Landing Page › displays learning and documentation section" classname="landing-page.spec.ts" time="0.948">
</testcase>
</testsuite>
</testsuites>